in_code: |-
  текст мир = "hello world";
  << мир;
in_stdin: |

out_code: |-
  0 000000000010100000000000000000 #LSL 0, 1 000000000010100000000000000000 #LSL 0, 2 000000000000110000000000001011 #LDI 11, 3 000000000001000000000000000000 #SAVE 0, 4 000000000000110000000000000000 #LDI 0, 5 000000000010100000000000010000 #LSL 16, 6 000000000000110000000001101000 #LDI 104, 7 000000000001000000000000000001 #SAVE 1, 8 000000000000110000000000000000 #LDI 0, 9 000000000010100000000000010000 #LSL 16, 10 000000000000110000000001100101 #LDI 101, 11 000000000001000000000000000010 #SAVE 2, 12 000000000000110000000000000000 #LDI 0, 13 000000000010100000000000010000 #LSL 16, 14 000000000000110000000001101100 #LDI 108, 15 000000000001000000000000000011 #SAVE 3, 16 000000000000110000000000000000 #LDI 0, 17 000000000010100000000000010000 #LSL 16, 18 000000000000110000000001101100 #LDI 108, 19 000000000001000000000000000100 #SAVE 4, 20 000000000000110000000000000000 #LDI 0, 21 000000000010100000000000010000 #LSL 16, 22 000000000000110000000001101111 #LDI 111, 23 000000000001000000000000000101 #SAVE 5, 24 000000000000110000000000000000 #LDI 0, 25 000000000010100000000000010000 #LSL 16, 26 000000000000110000000000100000 #LDI 32, 27 000000000001000000000000000110 #SAVE 6, 28 000000000000110000000000000000 #LDI 0, 29 000000000010100000000000010000 #LSL 16, 30 000000000000110000000001110111 #LDI 119, 31 000000000001000000000000000111 #SAVE 7, 32 000000000000110000000000000000 #LDI 0, 33 000000000010100000000000010000 #LSL 16, 34 000000000000110000000001101111 #LDI 111, 35 000000000001000000000000001000 #SAVE 8, 36 000000000000110000000000000000 #LDI 0, 37 000000000010100000000000010000 #LSL 16, 38 000000000000110000000001110010 #LDI 114, 39 000000000001000000000000001001 #SAVE 9, 40 000000000000110000000000000000 #LDI 0, 41 000000000010100000000000010000 #LSL 16, 42 000000000000110000000001101100 #LDI 108, 43 000000000001000000000000001010 #SAVE 10, 44 000000000000110000000000000000 #LDI 0, 45 000000000010100000000000010000 #LSL 16, 46 000000000000110000000001100100 #LDI 100, 47 000000000001000000000000001011 #SAVE 11, 48 000000000010100000000000000000 #LSL 0, 49 000000000010100000000000000000 #LSL 0, 50 000000000000110000000000000000 #LDI 0, 51 000000000001000000000100000001 #SAVE 257, 52 000000000010000000000000000000 #INCR 0, 53 000000000001010000000000000000 #ADD 0, 54 000000000001000000000100000010 #SAVE 258, 55 000000000000100000000100000001 #LDM 257, 56 000000000010000000000000000000 #INCR 0, 57 000000000001000000000100000001 #SAVE 257, 58 000000000001100000000100000010 #SUB 258, 59 000000000001110000000000000000 #CMP 0, 60 000000000000000000000000000000 #NOP 0, 61 000000000111000000000100000001 #LDREF 257, 62 000000000110110000000000000001 #OUT 1, 63 000000000100100000000000110111 #JMP 55, 64 000000000000010000000000000000 #HALT 0, 

out_stdout: |
  Эмулятор ЭВМ исполнителя Совкода
  str output: hello world
  instr_counter: 160 , ticks: 171
out_log: |
  INFO    emulator:main          Got instructions and user input
  INFO    emulator:emulation     Starting emulation
  DEBUG   emulator:emulation     TICK:   0 PC:   0 AR:   0 RAR:   0 MEM_OUT: [] ACC: 0 	lsl0
  DEBUG   emulator:emulation     TICK:   1 PC:   1 AR:   0 RAR:   0 MEM_OUT: [] ACC: 0 	lsl0
  DEBUG   emulator:emulation     TICK:   2 PC:   2 AR:   0 RAR:   0 MEM_OUT: [] ACC: 0 	ldi11
  DEBUG   emulator:emulation     TICK:   3 PC:   3 AR:  11 RAR:   0 MEM_OUT: [] ACC: 11 	save0
  DEBUG   emulator:emulation     TICK:   4 PC:   4 AR:   0 RAR:   0 MEM_OUT: [] ACC: 11 	ldi0
  DEBUG   emulator:emulation     TICK:   5 PC:   5 AR:   0 RAR:   0 MEM_OUT: [] ACC: 0 	lsl16
  DEBUG   emulator:emulation     TICK:   6 PC:   6 AR:  16 RAR:   0 MEM_OUT: [] ACC: 0 	ldi104
  DEBUG   emulator:emulation     TICK:   7 PC:   7 AR: 104 RAR:   0 MEM_OUT: [] ACC: 104 	save1
  DEBUG   emulator:emulation     TICK:   8 PC:   8 AR:   1 RAR:   0 MEM_OUT: [] ACC: 104 	ldi0
  DEBUG   emulator:emulation     TICK:   9 PC:   9 AR:   0 RAR:   0 MEM_OUT: [] ACC: 0 	lsl16
  DEBUG   emulator:emulation     TICK:  10 PC:  10 AR:  16 RAR:   0 MEM_OUT: [] ACC: 0 	ldi101
  DEBUG   emulator:emulation     TICK:  11 PC:  11 AR: 101 RAR:   0 MEM_OUT: [] ACC: 101 	save2
  DEBUG   emulator:emulation     TICK:  12 PC:  12 AR:   2 RAR:   0 MEM_OUT: [] ACC: 101 	ldi0
  DEBUG   emulator:emulation     TICK:  13 PC:  13 AR:   0 RAR:   0 MEM_OUT: [] ACC: 0 	lsl16
  DEBUG   emulator:emulation     TICK:  14 PC:  14 AR:  16 RAR:   0 MEM_OUT: [] ACC: 0 	ldi108
  DEBUG   emulator:emulation     TICK:  15 PC:  15 AR: 108 RAR:   0 MEM_OUT: [] ACC: 108 	save3
  DEBUG   emulator:emulation     TICK:  16 PC:  16 AR:   3 RAR:   0 MEM_OUT: [] ACC: 108 	ldi0
  DEBUG   emulator:emulation     TICK:  17 PC:  17 AR:   0 RAR:   0 MEM_OUT: [] ACC: 0 	lsl16
  DEBUG   emulator:emulation     TICK:  18 PC:  18 AR:  16 RAR:   0 MEM_OUT: [] ACC: 0 	ldi108
  DEBUG   emulator:emulation     TICK:  19 PC:  19 AR: 108 RAR:   0 MEM_OUT: [] ACC: 108 	save4
  DEBUG   emulator:emulation     TICK:  20 PC:  20 AR:   4 RAR:   0 MEM_OUT: [] ACC: 108 	ldi0
  DEBUG   emulator:emulation     TICK:  21 PC:  21 AR:   0 RAR:   0 MEM_OUT: [] ACC: 0 	lsl16
  DEBUG   emulator:emulation     TICK:  22 PC:  22 AR:  16 RAR:   0 MEM_OUT: [] ACC: 0 	ldi111
  DEBUG   emulator:emulation     TICK:  23 PC:  23 AR: 111 RAR:   0 MEM_OUT: [] ACC: 111 	save5
  DEBUG   emulator:emulation     TICK:  24 PC:  24 AR:   5 RAR:   0 MEM_OUT: [] ACC: 111 	ldi0
  DEBUG   emulator:emulation     TICK:  25 PC:  25 AR:   0 RAR:   0 MEM_OUT: [] ACC: 0 	lsl16
  DEBUG   emulator:emulation     TICK:  26 PC:  26 AR:  16 RAR:   0 MEM_OUT: [] ACC: 0 	ldi32
  DEBUG   emulator:emulation     TICK:  27 PC:  27 AR:  32 RAR:   0 MEM_OUT: [] ACC: 32 	save6
  DEBUG   emulator:emulation     TICK:  28 PC:  28 AR:   6 RAR:   0 MEM_OUT: [] ACC: 32 	ldi0
  DEBUG   emulator:emulation     TICK:  29 PC:  29 AR:   0 RAR:   0 MEM_OUT: [] ACC: 0 	lsl16
  DEBUG   emulator:emulation     TICK:  30 PC:  30 AR:  16 RAR:   0 MEM_OUT: [] ACC: 0 	ldi119
  DEBUG   emulator:emulation     TICK:  31 PC:  31 AR: 119 RAR:   0 MEM_OUT: [] ACC: 119 	save7
  DEBUG   emulator:emulation     TICK:  32 PC:  32 AR:   7 RAR:   0 MEM_OUT: [] ACC: 119 	ldi0
  DEBUG   emulator:emulation     TICK:  33 PC:  33 AR:   0 RAR:   0 MEM_OUT: [] ACC: 0 	lsl16
  DEBUG   emulator:emulation     TICK:  34 PC:  34 AR:  16 RAR:   0 MEM_OUT: [] ACC: 0 	ldi111
  DEBUG   emulator:emulation     TICK:  35 PC:  35 AR: 111 RAR:   0 MEM_OUT: [] ACC: 111 	save8
  DEBUG   emulator:emulation     TICK:  36 PC:  36 AR:   8 RAR:   0 MEM_OUT: [] ACC: 111 	ldi0
  DEBUG   emulator:emulation     TICK:  37 PC:  37 AR:   0 RAR:   0 MEM_OUT: [] ACC: 0 	lsl16
  DEBUG   emulator:emulation     TICK:  38 PC:  38 AR:  16 RAR:   0 MEM_OUT: [] ACC: 0 	ldi114
  DEBUG   emulator:emulation     TICK:  39 PC:  39 AR: 114 RAR:   0 MEM_OUT: [] ACC: 114 	save9
  DEBUG   emulator:emulation     TICK:  40 PC:  40 AR:   9 RAR:   0 MEM_OUT: [] ACC: 114 	ldi0
  DEBUG   emulator:emulation     TICK:  41 PC:  41 AR:   0 RAR:   0 MEM_OUT: [] ACC: 0 	lsl16
  DEBUG   emulator:emulation     TICK:  42 PC:  42 AR:  16 RAR:   0 MEM_OUT: [] ACC: 0 	ldi108
  DEBUG   emulator:emulation     TICK:  43 PC:  43 AR: 108 RAR:   0 MEM_OUT: [] ACC: 108 	save10
  DEBUG   emulator:emulation     TICK:  44 PC:  44 AR:  10 RAR:   0 MEM_OUT: [] ACC: 108 	ldi0
  DEBUG   emulator:emulation     TICK:  45 PC:  45 AR:   0 RAR:   0 MEM_OUT: [] ACC: 0 	lsl16
  DEBUG   emulator:emulation     TICK:  46 PC:  46 AR:  16 RAR:   0 MEM_OUT: [] ACC: 0 	ldi100
  DEBUG   emulator:emulation     TICK:  47 PC:  47 AR: 100 RAR:   0 MEM_OUT: [] ACC: 100 	save11
  DEBUG   emulator:emulation     TICK:  48 PC:  48 AR:  11 RAR:   0 MEM_OUT: [] ACC: 100 	lsl0
  DEBUG   emulator:emulation     TICK:  49 PC:  49 AR:   0 RAR: 6553600 MEM_OUT: [] ACC: 6553600 	lsl0
  DEBUG   emulator:emulation     TICK:  50 PC:  50 AR:   0 RAR:   0 MEM_OUT: [] ACC: 0 	ldi0
  DEBUG   emulator:emulation     TICK:  51 PC:  51 AR:   0 RAR:   0 MEM_OUT: [] ACC: 0 	save257
  DEBUG   emulator:emulation     TICK:  52 PC:  52 AR: 257 RAR:   0 MEM_OUT: [] ACC: 0 	incr0
  DEBUG   emulator:emulation     TICK:  53 PC:  53 AR:   0 RAR:   1 MEM_OUT: [] ACC: 1 	add0
  DEBUG   emulator:emulation     TICK:  54 PC:  54 AR:   0 RAR:  12 MEM_OUT: [] ACC: 12 	save258
  DEBUG   emulator:emulation     TICK:  55 PC:  55 AR: 258 RAR:   0 MEM_OUT: [] ACC: 12 	ldm257
  DEBUG   emulator:emulation     TICK:  56 PC:  56 AR: 257 RAR:   0 MEM_OUT: [] ACC: 0 	incr0
  DEBUG   emulator:emulation     TICK:  57 PC:  57 AR:   0 RAR:   1 MEM_OUT: [] ACC: 1 	save257
  DEBUG   emulator:emulation     TICK:  58 PC:  58 AR: 257 RAR:   0 MEM_OUT: [] ACC: 1 	sub258
  DEBUG   emulator:emulation     TICK:  59 PC:  59 AR: 258 RAR: 4294967285 MEM_OUT: [] ACC: 4294967285 	cmp0
  DEBUG   emulator:emulation     TICK:  60 PC:  60 AR:   0 RAR: 4294967285 MEM_OUT: [] ACC: 4294967285 	jz64
  DEBUG   emulator:emulation     TICK:  61 PC:  61 AR:   0 RAR: 4294967285 MEM_OUT: [] ACC: 4294967285 	ldref257
  DEBUG   emulator:emulation     TICK:  63 PC:  62 AR: 257 RAR:   1 MEM_OUT: [] ACC: 104 	out1
  DEBUG   emulator:emulation     TICK:  64 PC:  63 AR:   1 RAR: 104 MEM_OUT: [104] ACC: 104 	jmp55
  DEBUG   emulator:emulation     TICK:  65 PC:  55 AR:   1 RAR: 104 MEM_OUT: [104] ACC: 104 	ldm257
  DEBUG   emulator:emulation     TICK:  66 PC:  56 AR: 257 RAR:   1 MEM_OUT: [104] ACC: 1 	incr0
  DEBUG   emulator:emulation     TICK:  67 PC:  57 AR:   0 RAR:   2 MEM_OUT: [104] ACC: 2 	save257
  DEBUG   emulator:emulation     TICK:  68 PC:  58 AR: 257 RAR:   1 MEM_OUT: [104] ACC: 2 	sub258
  DEBUG   emulator:emulation     TICK:  69 PC:  59 AR: 258 RAR: 4294967286 MEM_OUT: [104] ACC: 4294967286 	cmp0
  DEBUG   emulator:emulation     TICK:  70 PC:  60 AR:   0 RAR: 4294967286 MEM_OUT: [104] ACC: 4294967286 	jz64
  DEBUG   emulator:emulation     TICK:  71 PC:  61 AR:   0 RAR: 4294967286 MEM_OUT: [104] ACC: 4294967286 	ldref257
  DEBUG   emulator:emulation     TICK:  73 PC:  62 AR: 257 RAR:   2 MEM_OUT: [104] ACC: 101 	out1
  DEBUG   emulator:emulation     TICK:  74 PC:  63 AR:   1 RAR: 104 MEM_OUT: [104, 101] ACC: 101 	jmp55
  DEBUG   emulator:emulation     TICK:  75 PC:  55 AR:   1 RAR: 104 MEM_OUT: [104, 101] ACC: 101 	ldm257
  DEBUG   emulator:emulation     TICK:  76 PC:  56 AR: 257 RAR:   2 MEM_OUT: [104, 101] ACC: 2 	incr0
  DEBUG   emulator:emulation     TICK:  77 PC:  57 AR:   0 RAR:   3 MEM_OUT: [104, 101] ACC: 3 	save257
  DEBUG   emulator:emulation     TICK:  78 PC:  58 AR: 257 RAR:   2 MEM_OUT: [104, 101] ACC: 3 	sub258
  DEBUG   emulator:emulation     TICK:  79 PC:  59 AR: 258 RAR: 4294967287 MEM_OUT: [104, 101] ACC: 4294967287 	cmp0
  DEBUG   emulator:emulation     TICK:  80 PC:  60 AR:   0 RAR: 4294967287 MEM_OUT: [104, 101] ACC: 4294967287 	jz64
  DEBUG   emulator:emulation     TICK:  81 PC:  61 AR:   0 RAR: 4294967287 MEM_OUT: [104, 101] ACC: 4294967287 	ldref257
  DEBUG   emulator:emulation     TICK:  83 PC:  62 AR: 257 RAR:   3 MEM_OUT: [104, 101] ACC: 108 	out1
  DEBUG   emulator:emulation     TICK:  84 PC:  63 AR:   1 RAR: 104 MEM_OUT: [104, 101, 108] ACC: 108 	jmp55
  DEBUG   emulator:emulation     TICK:  85 PC:  55 AR:   1 RAR: 104 MEM_OUT: [104, 101, 108] ACC: 108 	ldm257
  DEBUG   emulator:emulation     TICK:  86 PC:  56 AR: 257 RAR:   3 MEM_OUT: [104, 101, 108] ACC: 3 	incr0
  DEBUG   emulator:emulation     TICK:  87 PC:  57 AR:   0 RAR:   4 MEM_OUT: [104, 101, 108] ACC: 4 	save257
  DEBUG   emulator:emulation     TICK:  88 PC:  58 AR: 257 RAR:   3 MEM_OUT: [104, 101, 108] ACC: 4 	sub258
  DEBUG   emulator:emulation     TICK:  89 PC:  59 AR: 258 RAR: 4294967288 MEM_OUT: [104, 101, 108] ACC: 4294967288 	cmp0
  DEBUG   emulator:emulation     TICK:  90 PC:  60 AR:   0 RAR: 4294967288 MEM_OUT: [104, 101, 108] ACC: 4294967288 	jz64
  DEBUG   emulator:emulation     TICK:  91 PC:  61 AR:   0 RAR: 4294967288 MEM_OUT: [104, 101, 108] ACC: 4294967288 	ldref257
  DEBUG   emulator:emulation     TICK:  93 PC:  62 AR: 257 RAR:   4 MEM_OUT: [104, 101, 108] ACC: 108 	out1
  DEBUG   emulator:emulation     TICK:  94 PC:  63 AR:   1 RAR: 104 MEM_OUT: [104, 101, 108, 108] ACC: 108 	jmp55
  DEBUG   emulator:emulation     TICK:  95 PC:  55 AR:   1 RAR: 104 MEM_OUT: [104, 101, 108, 108] ACC: 108 	ldm257
  DEBUG   emulator:emulation     TICK:  96 PC:  56 AR: 257 RAR:   4 MEM_OUT: [104, 101, 108, 108] ACC: 4 	incr0
  DEBUG   emulator:emulation     TICK:  97 PC:  57 AR:   0 RAR:   5 MEM_OUT: [104, 101, 108, 108] ACC: 5 	save257
  DEBUG   emulator:emulation     TICK:  98 PC:  58 AR: 257 RAR:   4 MEM_OUT: [104, 101, 108, 108] ACC: 5 	sub258
  DEBUG   emulator:emulation     TICK:  99 PC:  59 AR: 258 RAR: 4294967289 MEM_OUT: [104, 101, 108, 108] ACC: 4294967289 	cmp0
  DEBUG   emulator:emulation     TICK: 100 PC:  60 AR:   0 RAR: 4294967289 MEM_OUT: [104, 101, 108, 108] ACC: 4294967289 	jz64
  DEBUG   emulator:emulation     TICK: 101 PC:  61 AR:   0 RAR: 4294967289 MEM_OUT: [104, 101, 108, 108] ACC: 4294967289 	ldref257
  DEBUG   emulator:emulation     TICK: 103 PC:  62 AR: 257 RAR:   5 MEM_OUT: [104, 101, 108, 108] ACC: 111 	out1
  DEBUG   emulator:emulation     TICK: 104 PC:  63 AR:   1 RAR: 104 MEM_OUT: [104, 101, 108, 108, 111] ACC: 111 	jmp55
  DEBUG   emulator:emulation     TICK: 105 PC:  55 AR:   1 RAR: 104 MEM_OUT: [104, 101, 108, 108, 111] ACC: 111 	ldm257
  DEBUG   emulator:emulation     TICK: 106 PC:  56 AR: 257 RAR:   5 MEM_OUT: [104, 101, 108, 108, 111] ACC: 5 	incr0
  DEBUG   emulator:emulation     TICK: 107 PC:  57 AR:   0 RAR:   6 MEM_OUT: [104, 101, 108, 108, 111] ACC: 6 	save257
  DEBUG   emulator:emulation     TICK: 108 PC:  58 AR: 257 RAR:   5 MEM_OUT: [104, 101, 108, 108, 111] ACC: 6 	sub258
  DEBUG   emulator:emulation     TICK: 109 PC:  59 AR: 258 RAR: 4294967290 MEM_OUT: [104, 101, 108, 108, 111] ACC: 4294967290 	cmp0
  DEBUG   emulator:emulation     TICK: 110 PC:  60 AR:   0 RAR: 4294967290 MEM_OUT: [104, 101, 108, 108, 111] ACC: 4294967290 	jz64
  DEBUG   emulator:emulation     TICK: 111 PC:  61 AR:   0 RAR: 4294967290 MEM_OUT: [104, 101, 108, 108, 111] ACC: 4294967290 	ldref257
  DEBUG   emulator:emulation     TICK: 113 PC:  62 AR: 257 RAR:   6 MEM_OUT: [104, 101, 108, 108, 111] ACC: 32 	out1
  DEBUG   emulator:emulation     TICK: 114 PC:  63 AR:   1 RAR: 104 MEM_OUT: [104, 101, 108, 108, 111, 32] ACC: 32 	jmp55
  DEBUG   emulator:emulation     TICK: 115 PC:  55 AR:   1 RAR: 104 MEM_OUT: [104, 101, 108, 108, 111, 32] ACC: 32 	ldm257
  DEBUG   emulator:emulation     TICK: 116 PC:  56 AR: 257 RAR:   6 MEM_OUT: [104, 101, 108, 108, 111, 32] ACC: 6 	incr0
  DEBUG   emulator:emulation     TICK: 117 PC:  57 AR:   0 RAR:   7 MEM_OUT: [104, 101, 108, 108, 111, 32] ACC: 7 	save257
  DEBUG   emulator:emulation     TICK: 118 PC:  58 AR: 257 RAR:   6 MEM_OUT: [104, 101, 108, 108, 111, 32] ACC: 7 	sub258
  DEBUG   emulator:emulation     TICK: 119 PC:  59 AR: 258 RAR: 4294967291 MEM_OUT: [104, 101, 108, 108, 111, 32] ACC: 4294967291 	cmp0
  DEBUG   emulator:emulation     TICK: 120 PC:  60 AR:   0 RAR: 4294967291 MEM_OUT: [104, 101, 108, 108, 111, 32] ACC: 4294967291 	jz64
  DEBUG   emulator:emulation     TICK: 121 PC:  61 AR:   0 RAR: 4294967291 MEM_OUT: [104, 101, 108, 108, 111, 32] ACC: 4294967291 	ldref257
  DEBUG   emulator:emulation     TICK: 123 PC:  62 AR: 257 RAR:   7 MEM_OUT: [104, 101, 108, 108, 111, 32] ACC: 119 	out1
  DEBUG   emulator:emulation     TICK: 124 PC:  63 AR:   1 RAR: 104 MEM_OUT: [104, 101, 108, 108, 111, 32, 119] ACC: 119 	jmp55
  DEBUG   emulator:emulation     TICK: 125 PC:  55 AR:   1 RAR: 104 MEM_OUT: [104, 101, 108, 108, 111, 32, 119] ACC: 119 	ldm257
  DEBUG   emulator:emulation     TICK: 126 PC:  56 AR: 257 RAR:   7 MEM_OUT: [104, 101, 108, 108, 111, 32, 119] ACC: 7 	incr0
  DEBUG   emulator:emulation     TICK: 127 PC:  57 AR:   0 RAR:   8 MEM_OUT: [104, 101, 108, 108, 111, 32, 119] ACC: 8 	save257
  DEBUG   emulator:emulation     TICK: 128 PC:  58 AR: 257 RAR:   7 MEM_OUT: [104, 101, 108, 108, 111, 32, 119] ACC: 8 	sub258
  DEBUG   emulator:emulation     TICK: 129 PC:  59 AR: 258 RAR: 4294967292 MEM_OUT: [104, 101, 108, 108, 111, 32, 119] ACC: 4294967292 	cmp0
  DEBUG   emulator:emulation     TICK: 130 PC:  60 AR:   0 RAR: 4294967292 MEM_OUT: [104, 101, 108, 108, 111, 32, 119] ACC: 4294967292 	jz64
  DEBUG   emulator:emulation     TICK: 131 PC:  61 AR:   0 RAR: 4294967292 MEM_OUT: [104, 101, 108, 108, 111, 32, 119] ACC: 4294967292 	ldref257
  DEBUG   emulator:emulation     TICK: 133 PC:  62 AR: 257 RAR:   8 MEM_OUT: [104, 101, 108, 108, 111, 32, 119] ACC: 111 	out1
  DEBUG   emulator:emulation     TICK: 134 PC:  63 AR:   1 RAR: 104 MEM_OUT: [104, 101, 108, 108, 111, 32, 119, 111] ACC: 111 	jmp55
  DEBUG   emulator:emulation     TICK: 135 PC:  55 AR:   1 RAR: 104 MEM_OUT: [104, 101, 108, 108, 111, 32, 119, 111] ACC: 111 	ldm257
  DEBUG   emulator:emulation     TICK: 136 PC:  56 AR: 257 RAR:   8 MEM_OUT: [104, 101, 108, 108, 111, 32, 119, 111] ACC: 8 	incr0
  DEBUG   emulator:emulation     TICK: 137 PC:  57 AR:   0 RAR:   9 MEM_OUT: [104, 101, 108, 108, 111, 32, 119, 111] ACC: 9 	save257
  DEBUG   emulator:emulation     TICK: 138 PC:  58 AR: 257 RAR:   8 MEM_OUT: [104, 101, 108, 108, 111, 32, 119, 111] ACC: 9 	sub258
  DEBUG   emulator:emulation     TICK: 139 PC:  59 AR: 258 RAR: 4294967293 MEM_OUT: [104, 101, 108, 108, 111, 32, 119, 111] ACC: 4294967293 	cmp0
  DEBUG   emulator:emulation     TICK: 140 PC:  60 AR:   0 RAR: 4294967293 MEM_OUT: [104, 101, 108, 108, 111, 32, 119, 111] ACC: 4294967293 	jz64
  DEBUG   emulator:emulation     TICK: 141 PC:  61 AR:   0 RAR: 4294967293 MEM_OUT: [104, 101, 108, 108, 111, 32, 119, 111] ACC: 4294967293 	ldref257
  DEBUG   emulator:emulation     TICK: 143 PC:  62 AR: 257 RAR:   9 MEM_OUT: [104, 101, 108, 108, 111, 32, 119, 111] ACC: 114 	out1
  DEBUG   emulator:emulation     TICK: 144 PC:  63 AR:   1 RAR: 104 MEM_OUT: [104, 101, 108, 108, 111, 32, 119, 111, 114] ACC: 114 	jmp55
  DEBUG   emulator:emulation     TICK: 145 PC:  55 AR:   1 RAR: 104 MEM_OUT: [104, 101, 108, 108, 111, 32, 119, 111, 114] ACC: 114 	ldm257
  DEBUG   emulator:emulation     TICK: 146 PC:  56 AR: 257 RAR:   9 MEM_OUT: [104, 101, 108, 108, 111, 32, 119, 111, 114] ACC: 9 	incr0
  DEBUG   emulator:emulation     TICK: 147 PC:  57 AR:   0 RAR:  10 MEM_OUT: [104, 101, 108, 108, 111, 32, 119, 111, 114] ACC: 10 	save257
  DEBUG   emulator:emulation     TICK: 148 PC:  58 AR: 257 RAR:   9 MEM_OUT: [104, 101, 108, 108, 111, 32, 119, 111, 114] ACC: 10 	sub258
  DEBUG   emulator:emulation     TICK: 149 PC:  59 AR: 258 RAR: 4294967294 MEM_OUT: [104, 101, 108, 108, 111, 32, 119, 111, 114] ACC: 4294967294 	cmp0
  DEBUG   emulator:emulation     TICK: 150 PC:  60 AR:   0 RAR: 4294967294 MEM_OUT: [104, 101, 108, 108, 111, 32, 119, 111, 114] ACC: 4294967294 	jz64
  DEBUG   emulator:emulation     TICK: 151 PC:  61 AR:   0 RAR: 4294967294 MEM_OUT: [104, 101, 108, 108, 111, 32, 119, 111, 114] ACC: 4294967294 	ldref257
  DEBUG   emulator:emulation     TICK: 153 PC:  62 AR: 257 RAR:  10 MEM_OUT: [104, 101, 108, 108, 111, 32, 119, 111, 114] ACC: 108 	out1
  DEBUG   emulator:emulation     TICK: 154 PC:  63 AR:   1 RAR: 104 MEM_OUT: [104, 101, 108, 108, 111, 32, 119, 111, 114, 108] ACC: 108 	jmp55
  DEBUG   emulator:emulation     TICK: 155 PC:  55 AR:   1 RAR: 104 MEM_OUT: [104, 101, 108, 108, 111, 32, 119, 111, 114, 108] ACC: 108 	ldm257
  DEBUG   emulator:emulation     TICK: 156 PC:  56 AR: 257 RAR:  10 MEM_OUT: [104, 101, 108, 108, 111, 32, 119, 111, 114, 108] ACC: 10 	incr0
  DEBUG   emulator:emulation     TICK: 157 PC:  57 AR:   0 RAR:  11 MEM_OUT: [104, 101, 108, 108, 111, 32, 119, 111, 114, 108] ACC: 11 	save257
  DEBUG   emulator:emulation     TICK: 158 PC:  58 AR: 257 RAR:  10 MEM_OUT: [104, 101, 108, 108, 111, 32, 119, 111, 114, 108] ACC: 11 	sub258
  DEBUG   emulator:emulation     TICK: 159 PC:  59 AR: 258 RAR: 4294967295 MEM_OUT: [104, 101, 108, 108, 111, 32, 119, 111, 114, 108] ACC: 4294967295 	cmp0
  DEBUG   emulator:emulation     TICK: 160 PC:  60 AR:   0 RAR: 4294967295 MEM_OUT: [104, 101, 108, 108, 111, 32, 119, 111, 114, 108] ACC: 4294967295 	jz64
  DEBUG   emulator:emulation     TICK: 161 PC:  61 AR:   0 RAR: 4294967295 MEM_OUT: [104, 101, 108, 108, 111, 32, 119, 111, 114, 108] ACC: 4294967295 	ldref257
  DEBUG   emulator:emulation     TICK: 163 PC:  62 AR: 257 RAR:  11 MEM_OUT: [104, 101, 108, 108, 111, 32, 119, 111, 114, 108] ACC: 100 	out1
  DEBUG   emulator:emulation     TICK: 164 PC:  63 AR:   1 RAR: 104 MEM_OUT: [104, 101, 108, 108, 111, 32, 119, 111, 114, 108, 100] ACC: 100 	jmp55
  DEBUG   emulator:emulation     TICK: 165 PC:  55 AR:   1 RAR: 104 MEM_OUT: [104, 101, 108, 108, 111, 32, 119, 111, 114, 108, 100] ACC: 100 	ldm257
  DEBUG   emulator:emulation     TICK: 166 PC:  56 AR: 257 RAR:  11 MEM_OUT: [104, 101, 108, 108, 111, 32, 119, 111, 114, 108, 100] ACC: 11 	incr0
  DEBUG   emulator:emulation     TICK: 167 PC:  57 AR:   0 RAR:  12 MEM_OUT: [104, 101, 108, 108, 111, 32, 119, 111, 114, 108, 100] ACC: 12 	save257
  DEBUG   emulator:emulation     TICK: 168 PC:  58 AR: 257 RAR:  11 MEM_OUT: [104, 101, 108, 108, 111, 32, 119, 111, 114, 108, 100] ACC: 12 	sub258
  DEBUG   emulator:emulation     TICK: 169 PC:  59 AR: 258 RAR:   0 MEM_OUT: [104, 101, 108, 108, 111, 32, 119, 111, 114, 108, 100] ACC: 0 	cmp0
  DEBUG   emulator:emulation     TICK: 170 PC:  60 AR:   0 RAR:   0 MEM_OUT: [104, 101, 108, 108, 111, 32, 119, 111, 114, 108, 100] ACC: 0 	jz64
  DEBUG   emulator:emulation     TICK: 171 PC:  64 AR:   0 RAR:   0 MEM_OUT: [104, 101, 108, 108, 111, 32, 119, 111, 114, 108, 100] ACC: 0 	halt0
  INFO    emulator:emulation     Emulation complete
  INFO    emulator:emulation     output_buffer: hello world
