in_code: |-
  цел рублей = 5000;
  цел курсБиткойна = 4805444; /* руб за биткойн */
  цел курс2010 = -30 + 45;    /* 15 руб за биткойн */
  цел инфляция = 117 % 1000;  /* процентов */
  цел тысРублейУпущено = 0;   /* тыс рублей могла бы быть сейчас */
                              /* Это всё просто прикол. Я не серьёзно */

  цел рубТогда = рублей * (//10000) / (100 + инфляция);   /* 2304 руб */
  цел биткойнов = рубТогда / курс2010;                    /* 153 биткойна */

  тысРублейУпущено = (курсБиткойна / 10 ** 3) * биткойнов; /* 735165 */
  << тысРублейУпущено;        /* Теперь можно плакать */
in_stdin: |

out_code: |-
  0 000000000000110000000000000000 #LDI 0, 1 000000000010100000000000010000 #LSL 16, 2 000000000000110001001110001000 #LDI 5000, 3 000000000001000000000000001000 #SAVE 8, 4 000000000000100000000000001000 #LDM 8, 5 000000000001000000000000000000 #SAVE 0, 6 000000000000110000000001001001 #LDI 73, 7 000000000010100000000000010000 #LSL 16, 8 000000000000110101001101000100 #LDI 21316, 9 000000000001000000000000001000 #SAVE 8, 10 000000000000100000000000001000 #LDM 8, 11 000000000001000000000000000001 #SAVE 1, 12 000000000000110000000000000000 #LDI 0, 13 000000000010100000000000010000 #LSL 16, 14 000000000000110000000000011110 #LDI 30, 15 000000000001000000000000001000 #SAVE 8, 16 000000000010100000000000000000 #LSL 0, 17 000000000010100000000000000000 #LSL 0, 18 000000000001100000000000001000 #SUB 8, 19 000000000001000000000000001000 #SAVE 8, 20 000000000000110000000000000000 #LDI 0, 21 000000000010100000000000010000 #LSL 16, 22 000000000000110000000000101101 #LDI 45, 23 000000000001000000000000001001 #SAVE 9, 24 000000000000100000000000001000 #LDM 8, 25 000000000001010000000000001001 #ADD 9, 26 000000000001000000000000001010 #SAVE 10, 27 000000000000100000000000001010 #LDM 10, 28 000000000001000000000000000010 #SAVE 2, 29 000000000000110000000000000000 #LDI 0, 30 000000000010100000000000010000 #LSL 16, 31 000000000000110000000001110101 #LDI 117, 32 000000000001000000000000001000 #SAVE 8, 33 000000000000110000000000000000 #LDI 0, 34 000000000010100000000000010000 #LSL 16, 35 000000000000110000001111101000 #LDI 1000, 36 000000000001000000000000001001 #SAVE 9, 37 000000000000100000000000001000 #LDM 8, 38 000000000101110000000000001001 #MOD 9, 39 000000000001000000000000001010 #SAVE 10, 40 000000000000100000000000001010 #LDM 10, 41 000000000001000000000000000011 #SAVE 3, 42 000000000000110000000000000000 #LDI 0, 43 000000000010100000000000010000 #LSL 16, 44 000000000000110000000000000000 #LDI 0, 45 000000000001000000000000001000 #SAVE 8, 46 000000000000100000000000001000 #LDM 8, 47 000000000001000000000000000100 #SAVE 4, 48 000000000000100000000000000000 #LDM 0, 49 000000000001000000000000001000 #SAVE 8, 50 000000000000110000000000000000 #LDI 0, 51 000000000010100000000000010000 #LSL 16, 52 000000000000110010011100010000 #LDI 10000, 53 000000000001000000000000001001 #SAVE 9, 54 000000000000100000000000001001 #LDM 9, 55 000000000110010000000000000000 #SQRT 0, 56 000000000001000000000000001001 #SAVE 9, 57 000000000000100000000000001000 #LDM 8, 58 000000000101010000000000001001 #MULT 9, 59 000000000001000000000000001010 #SAVE 10, 60 000000000000110000000000000000 #LDI 0, 61 000000000010100000000000010000 #LSL 16, 62 000000000000110000000001100100 #LDI 100, 63 000000000001000000000000001011 #SAVE 11, 64 000000000000100000000000000011 #LDM 3, 65 000000000001000000000000001100 #SAVE 12, 66 000000000000100000000000001011 #LDM 11, 67 000000000001010000000000001100 #ADD 12, 68 000000000001000000000000001101 #SAVE 13, 69 000000000000100000000000001010 #LDM 10, 70 000000000101100000000000001101 #DIV 13, 71 000000000001000000000000001110 #SAVE 14, 72 000000000000100000000000001110 #LDM 14, 73 000000000001000000000000000101 #SAVE 5, 74 000000000000100000000000000101 #LDM 5, 75 000000000001000000000000001000 #SAVE 8, 76 000000000000100000000000000010 #LDM 2, 77 000000000001000000000000001001 #SAVE 9, 78 000000000000100000000000001000 #LDM 8, 79 000000000101100000000000001001 #DIV 9, 80 000000000001000000000000001010 #SAVE 10, 81 000000000000100000000000001010 #LDM 10, 82 000000000001000000000000000110 #SAVE 6, 83 000000000000100000000000000001 #LDM 1, 84 000000000001000000000000001000 #SAVE 8, 85 000000000000110000000000000000 #LDI 0, 86 000000000010100000000000010000 #LSL 16, 87 000000000000110000000000001010 #LDI 10, 88 000000000001000000000000001001 #SAVE 9, 89 000000000000110000000000000000 #LDI 0, 90 000000000010100000000000010000 #LSL 16, 91 000000000000110000000000000011 #LDI 3, 92 000000000001000000000000001010 #SAVE 10, 93 000000000000100000000000001001 #LDM 9, 94 000000000110000000000000001010 #POW 10, 95 000000000001000000000000001011 #SAVE 11, 96 000000000000100000000000001000 #LDM 8, 97 000000000101100000000000001011 #DIV 11, 98 000000000001000000000000001100 #SAVE 12, 99 000000000000100000000000000110 #LDM 6, 100 000000000001000000000000001101 #SAVE 13, 101 000000000000100000000000001100 #LDM 12, 102 000000000101010000000000001101 #MULT 13, 103 000000000001000000000000001110 #SAVE 14, 104 000000000000100000000000001110 #LDM 14, 105 000000000001000000000000000100 #SAVE 4, 106 000000000000100000000000000100 #LDM 4, 107 000000000110110000000000000001 #OUT 1, 108 000000000000010000000000000000 #HALT 0, 

out_stdout: |
  Эмулятор ЭВМ исполнителя Совкода
  int output: 735165
  instr_counter: 108 , ticks: 108

out_log: |
  INFO    emulator:main          Got instructions and user input
  INFO    emulator:emulation     Starting emulation
  DEBUG   emulator:emulation     TICK:   0 PC:   0 AR:   0 RAR:   0 MEM_OUT: [] ACC: 0 	ldi0
  DEBUG   emulator:emulation     TICK:   1 PC:   1 AR:   0 RAR:   0 MEM_OUT: [] ACC: 0 	lsl16
  DEBUG   emulator:emulation     TICK:   2 PC:   2 AR:  16 RAR:   0 MEM_OUT: [] ACC: 0 	ldi5000
  DEBUG   emulator:emulation     TICK:   3 PC:   3 AR: 5000 RAR:   0 MEM_OUT: [] ACC: 5000 	save8
  DEBUG   emulator:emulation     TICK:   4 PC:   4 AR:   8 RAR:   0 MEM_OUT: [] ACC: 5000 	ldm8
  DEBUG   emulator:emulation     TICK:   5 PC:   5 AR:   8 RAR: 5000 MEM_OUT: [] ACC: 5000 	save0
  DEBUG   emulator:emulation     TICK:   6 PC:   6 AR:   0 RAR:   0 MEM_OUT: [] ACC: 5000 	ldi73
  DEBUG   emulator:emulation     TICK:   7 PC:   7 AR:  73 RAR:   0 MEM_OUT: [] ACC: 73 	lsl16
  DEBUG   emulator:emulation     TICK:   8 PC:   8 AR:  16 RAR: 4784128 MEM_OUT: [] ACC: 4784128 	ldi21316
  DEBUG   emulator:emulation     TICK:   9 PC:   9 AR: 21316 RAR: 4784128 MEM_OUT: [] ACC: 4805444 	save8
  DEBUG   emulator:emulation     TICK:  10 PC:  10 AR:   8 RAR: 5000 MEM_OUT: [] ACC: 4805444 	ldm8
  DEBUG   emulator:emulation     TICK:  11 PC:  11 AR:   8 RAR: 4805444 MEM_OUT: [] ACC: 4805444 	save1
  DEBUG   emulator:emulation     TICK:  12 PC:  12 AR:   1 RAR:   0 MEM_OUT: [] ACC: 4805444 	ldi0
  DEBUG   emulator:emulation     TICK:  13 PC:  13 AR:   0 RAR:   0 MEM_OUT: [] ACC: 4784128 	lsl16
  DEBUG   emulator:emulation     TICK:  14 PC:  14 AR:  16 RAR:   0 MEM_OUT: [] ACC: 0 	ldi30
  DEBUG   emulator:emulation     TICK:  15 PC:  15 AR:  30 RAR:   0 MEM_OUT: [] ACC: 30 	save8
  DEBUG   emulator:emulation     TICK:  16 PC:  16 AR:   8 RAR: 4805444 MEM_OUT: [] ACC: 30 	lsl0
  DEBUG   emulator:emulation     TICK:  17 PC:  17 AR:   0 RAR: 1966080 MEM_OUT: [] ACC: 1966080 	lsl0
  DEBUG   emulator:emulation     TICK:  18 PC:  18 AR:   0 RAR:   0 MEM_OUT: [] ACC: 0 	sub8
  DEBUG   emulator:emulation     TICK:  19 PC:  19 AR:   8 RAR: 4294967266 MEM_OUT: [] ACC: 4294967266 	save8
  DEBUG   emulator:emulation     TICK:  20 PC:  20 AR:   8 RAR:  30 MEM_OUT: [] ACC: 4294967266 	ldi0
  DEBUG   emulator:emulation     TICK:  21 PC:  21 AR:   0 RAR:  30 MEM_OUT: [] ACC: 4294901760 	lsl16
  DEBUG   emulator:emulation     TICK:  22 PC:  22 AR:  16 RAR:   0 MEM_OUT: [] ACC: 0 	ldi45
  DEBUG   emulator:emulation     TICK:  23 PC:  23 AR:  45 RAR:   0 MEM_OUT: [] ACC: 45 	save9
  DEBUG   emulator:emulation     TICK:  24 PC:  24 AR:   9 RAR:   0 MEM_OUT: [] ACC: 45 	ldm8
  DEBUG   emulator:emulation     TICK:  25 PC:  25 AR:   8 RAR: 4294967266 MEM_OUT: [] ACC: 4294967266 	add9
  DEBUG   emulator:emulation     TICK:  26 PC:  26 AR:   9 RAR:  15 MEM_OUT: [] ACC: 15 	save10
  DEBUG   emulator:emulation     TICK:  27 PC:  27 AR:  10 RAR:   0 MEM_OUT: [] ACC: 15 	ldm10
  DEBUG   emulator:emulation     TICK:  28 PC:  28 AR:  10 RAR:  15 MEM_OUT: [] ACC: 15 	save2
  DEBUG   emulator:emulation     TICK:  29 PC:  29 AR:   2 RAR:   0 MEM_OUT: [] ACC: 15 	ldi0
  DEBUG   emulator:emulation     TICK:  30 PC:  30 AR:   0 RAR:   0 MEM_OUT: [] ACC: 0 	lsl16
  DEBUG   emulator:emulation     TICK:  31 PC:  31 AR:  16 RAR:   0 MEM_OUT: [] ACC: 0 	ldi117
  DEBUG   emulator:emulation     TICK:  32 PC:  32 AR: 117 RAR:   0 MEM_OUT: [] ACC: 117 	save8
  DEBUG   emulator:emulation     TICK:  33 PC:  33 AR:   8 RAR: 4294967266 MEM_OUT: [] ACC: 117 	ldi0
  DEBUG   emulator:emulation     TICK:  34 PC:  34 AR:   0 RAR: 4294967266 MEM_OUT: [] ACC: 0 	lsl16
  DEBUG   emulator:emulation     TICK:  35 PC:  35 AR:  16 RAR:   0 MEM_OUT: [] ACC: 0 	ldi1000
  DEBUG   emulator:emulation     TICK:  36 PC:  36 AR: 1000 RAR:   0 MEM_OUT: [] ACC: 1000 	save9
  DEBUG   emulator:emulation     TICK:  37 PC:  37 AR:   9 RAR:  45 MEM_OUT: [] ACC: 1000 	ldm8
  DEBUG   emulator:emulation     TICK:  38 PC:  38 AR:   8 RAR: 117 MEM_OUT: [] ACC: 117 	mod9
  DEBUG   emulator:emulation     TICK:  39 PC:  39 AR:   9 RAR: 117 MEM_OUT: [] ACC: 117 	save10
  DEBUG   emulator:emulation     TICK:  40 PC:  40 AR:  10 RAR:  15 MEM_OUT: [] ACC: 117 	ldm10
  DEBUG   emulator:emulation     TICK:  41 PC:  41 AR:  10 RAR: 117 MEM_OUT: [] ACC: 117 	save3
  DEBUG   emulator:emulation     TICK:  42 PC:  42 AR:   3 RAR:   0 MEM_OUT: [] ACC: 117 	ldi0
  DEBUG   emulator:emulation     TICK:  43 PC:  43 AR:   0 RAR:   0 MEM_OUT: [] ACC: 0 	lsl16
  DEBUG   emulator:emulation     TICK:  44 PC:  44 AR:  16 RAR:   0 MEM_OUT: [] ACC: 0 	ldi0
  DEBUG   emulator:emulation     TICK:  45 PC:  45 AR:   0 RAR:   0 MEM_OUT: [] ACC: 0 	save8
  DEBUG   emulator:emulation     TICK:  46 PC:  46 AR:   8 RAR: 117 MEM_OUT: [] ACC: 0 	ldm8
  DEBUG   emulator:emulation     TICK:  47 PC:  47 AR:   8 RAR:   0 MEM_OUT: [] ACC: 0 	save4
  DEBUG   emulator:emulation     TICK:  48 PC:  48 AR:   4 RAR:   0 MEM_OUT: [] ACC: 0 	ldm0
  DEBUG   emulator:emulation     TICK:  49 PC:  49 AR:   0 RAR: 5000 MEM_OUT: [] ACC: 5000 	save8
  DEBUG   emulator:emulation     TICK:  50 PC:  50 AR:   8 RAR:   0 MEM_OUT: [] ACC: 5000 	ldi0
  DEBUG   emulator:emulation     TICK:  51 PC:  51 AR:   0 RAR:   0 MEM_OUT: [] ACC: 0 	lsl16
  DEBUG   emulator:emulation     TICK:  52 PC:  52 AR:  16 RAR:   0 MEM_OUT: [] ACC: 0 	ldi10000
  DEBUG   emulator:emulation     TICK:  53 PC:  53 AR: 10000 RAR:   0 MEM_OUT: [] ACC: 10000 	save9
  DEBUG   emulator:emulation     TICK:  54 PC:  54 AR:   9 RAR: 1000 MEM_OUT: [] ACC: 10000 	ldm9
  DEBUG   emulator:emulation     TICK:  55 PC:  55 AR:   9 RAR: 10000 MEM_OUT: [] ACC: 10000 	sqrt0
  DEBUG   emulator:emulation     TICK:  56 PC:  56 AR:   0 RAR: 100 MEM_OUT: [] ACC: 100 	save9
  DEBUG   emulator:emulation     TICK:  57 PC:  57 AR:   9 RAR: 10000 MEM_OUT: [] ACC: 100 	ldm8
  DEBUG   emulator:emulation     TICK:  58 PC:  58 AR:   8 RAR: 5000 MEM_OUT: [] ACC: 5000 	mult9
  DEBUG   emulator:emulation     TICK:  59 PC:  59 AR:   9 RAR: 500000 MEM_OUT: [] ACC: 500000 	save10
  DEBUG   emulator:emulation     TICK:  60 PC:  60 AR:  10 RAR: 117 MEM_OUT: [] ACC: 500000 	ldi0
  DEBUG   emulator:emulation     TICK:  61 PC:  61 AR:   0 RAR: 117 MEM_OUT: [] ACC: 458752 	lsl16
  DEBUG   emulator:emulation     TICK:  62 PC:  62 AR:  16 RAR:   0 MEM_OUT: [] ACC: 0 	ldi100
  DEBUG   emulator:emulation     TICK:  63 PC:  63 AR: 100 RAR:   0 MEM_OUT: [] ACC: 100 	save11
  DEBUG   emulator:emulation     TICK:  64 PC:  64 AR:  11 RAR:   0 MEM_OUT: [] ACC: 100 	ldm3
  DEBUG   emulator:emulation     TICK:  65 PC:  65 AR:   3 RAR: 117 MEM_OUT: [] ACC: 117 	save12
  DEBUG   emulator:emulation     TICK:  66 PC:  66 AR:  12 RAR:   0 MEM_OUT: [] ACC: 117 	ldm11
  DEBUG   emulator:emulation     TICK:  67 PC:  67 AR:  11 RAR: 100 MEM_OUT: [] ACC: 100 	add12
  DEBUG   emulator:emulation     TICK:  68 PC:  68 AR:  12 RAR: 217 MEM_OUT: [] ACC: 217 	save13
  DEBUG   emulator:emulation     TICK:  69 PC:  69 AR:  13 RAR:   0 MEM_OUT: [] ACC: 217 	ldm10
  DEBUG   emulator:emulation     TICK:  70 PC:  70 AR:  10 RAR: 500000 MEM_OUT: [] ACC: 500000 	dev13
  DEBUG   emulator:emulation     TICK:  71 PC:  71 AR:  13 RAR: 2304 MEM_OUT: [] ACC: 2304 	save14
  DEBUG   emulator:emulation     TICK:  72 PC:  72 AR:  14 RAR:   0 MEM_OUT: [] ACC: 2304 	ldm14
  DEBUG   emulator:emulation     TICK:  73 PC:  73 AR:  14 RAR: 2304 MEM_OUT: [] ACC: 2304 	save5
  DEBUG   emulator:emulation     TICK:  74 PC:  74 AR:   5 RAR:   0 MEM_OUT: [] ACC: 2304 	ldm5
  DEBUG   emulator:emulation     TICK:  75 PC:  75 AR:   5 RAR: 2304 MEM_OUT: [] ACC: 2304 	save8
  DEBUG   emulator:emulation     TICK:  76 PC:  76 AR:   8 RAR: 5000 MEM_OUT: [] ACC: 2304 	ldm2
  DEBUG   emulator:emulation     TICK:  77 PC:  77 AR:   2 RAR:  15 MEM_OUT: [] ACC: 15 	save9
  DEBUG   emulator:emulation     TICK:  78 PC:  78 AR:   9 RAR: 100 MEM_OUT: [] ACC: 15 	ldm8
  DEBUG   emulator:emulation     TICK:  79 PC:  79 AR:   8 RAR: 2304 MEM_OUT: [] ACC: 2304 	dev9
  DEBUG   emulator:emulation     TICK:  80 PC:  80 AR:   9 RAR: 153 MEM_OUT: [] ACC: 153 	save10
  DEBUG   emulator:emulation     TICK:  81 PC:  81 AR:  10 RAR: 500000 MEM_OUT: [] ACC: 153 	ldm10
  DEBUG   emulator:emulation     TICK:  82 PC:  82 AR:  10 RAR: 153 MEM_OUT: [] ACC: 153 	save6
  DEBUG   emulator:emulation     TICK:  83 PC:  83 AR:   6 RAR:   0 MEM_OUT: [] ACC: 153 	ldm1
  DEBUG   emulator:emulation     TICK:  84 PC:  84 AR:   1 RAR: 4805444 MEM_OUT: [] ACC: 4805444 	save8
  DEBUG   emulator:emulation     TICK:  85 PC:  85 AR:   8 RAR: 2304 MEM_OUT: [] ACC: 4805444 	ldi0
  DEBUG   emulator:emulation     TICK:  86 PC:  86 AR:   0 RAR: 2304 MEM_OUT: [] ACC: 4784128 	lsl16
  DEBUG   emulator:emulation     TICK:  87 PC:  87 AR:  16 RAR:   0 MEM_OUT: [] ACC: 0 	ldi10
  DEBUG   emulator:emulation     TICK:  88 PC:  88 AR:  10 RAR:   0 MEM_OUT: [] ACC: 10 	save9
  DEBUG   emulator:emulation     TICK:  89 PC:  89 AR:   9 RAR:  15 MEM_OUT: [] ACC: 10 	ldi0
  DEBUG   emulator:emulation     TICK:  90 PC:  90 AR:   0 RAR:  15 MEM_OUT: [] ACC: 0 	lsl16
  DEBUG   emulator:emulation     TICK:  91 PC:  91 AR:  16 RAR:   0 MEM_OUT: [] ACC: 0 	ldi3
  DEBUG   emulator:emulation     TICK:  92 PC:  92 AR:   3 RAR:   0 MEM_OUT: [] ACC: 3 	save10
  DEBUG   emulator:emulation     TICK:  93 PC:  93 AR:  10 RAR: 153 MEM_OUT: [] ACC: 3 	ldm9
  DEBUG   emulator:emulation     TICK:  94 PC:  94 AR:   9 RAR:  10 MEM_OUT: [] ACC: 10 	pow10
  DEBUG   emulator:emulation     TICK:  95 PC:  95 AR:  10 RAR: 1000 MEM_OUT: [] ACC: 1000 	save11
  DEBUG   emulator:emulation     TICK:  96 PC:  96 AR:  11 RAR: 100 MEM_OUT: [] ACC: 1000 	ldm8
  DEBUG   emulator:emulation     TICK:  97 PC:  97 AR:   8 RAR: 4805444 MEM_OUT: [] ACC: 4805444 	dev11
  DEBUG   emulator:emulation     TICK:  98 PC:  98 AR:  11 RAR: 4805 MEM_OUT: [] ACC: 4805 	save12
  DEBUG   emulator:emulation     TICK:  99 PC:  99 AR:  12 RAR: 117 MEM_OUT: [] ACC: 4805 	ldm6
  DEBUG   emulator:emulation     TICK: 100 PC: 100 AR:   6 RAR: 153 MEM_OUT: [] ACC: 153 	save13
  DEBUG   emulator:emulation     TICK: 101 PC: 101 AR:  13 RAR: 217 MEM_OUT: [] ACC: 153 	ldm12
  DEBUG   emulator:emulation     TICK: 102 PC: 102 AR:  12 RAR: 4805 MEM_OUT: [] ACC: 4805 	mult13
  DEBUG   emulator:emulation     TICK: 103 PC: 103 AR:  13 RAR: 735165 MEM_OUT: [] ACC: 735165 	save14
  DEBUG   emulator:emulation     TICK: 104 PC: 104 AR:  14 RAR: 2304 MEM_OUT: [] ACC: 735165 	ldm14
  DEBUG   emulator:emulation     TICK: 105 PC: 105 AR:  14 RAR: 735165 MEM_OUT: [] ACC: 735165 	save4
  DEBUG   emulator:emulation     TICK: 106 PC: 106 AR:   4 RAR:   0 MEM_OUT: [] ACC: 735165 	ldm4
  DEBUG   emulator:emulation     TICK: 107 PC: 107 AR:   4 RAR: 735165 MEM_OUT: [] ACC: 735165 	out1
  DEBUG   emulator:emulation     TICK: 108 PC: 108 AR:   1 RAR: 4805444 MEM_OUT: [735165] ACC: 735165 	halt0
  INFO    emulator:emulation     Emulation complete
  INFO    emulator:emulation     output_buffer: 735165
