in_code: |-
  цел кол_во    = 1000;
  цел делитель1 = 3;
  цел делитель2 = 5;
  цел сумма     = 0;
  сумма = сумма + делитель1 * ((кол_во - 1) / делитель1) * ((кол_во - 1) / делитель1 + 1) / 2;
  сумма = сумма + делитель2 * ((кол_во - 1) / делитель2) * ((кол_во - 1) / делитель2 + 1) / 2;
  цел пересечение = делитель1 * делитель2;
  сумма = сумма - пересечение * ((кол_во - 1) / пересечение) * ((кол_во - 1) / пересечение + 1) / 2;
  << сумма;  /* Ответ: 233168 */
in_stdin: |

out_code: |-
  0 000000000000110000000000000000 #LDI 0, 1 000000000010100000000000010000 #LSL 16, 2 000000000000110000001111101000 #LDI 1000, 3 000000000001000000000000000110 #SAVE 6, 4 000000000000100000000000000110 #LDM 6, 5 000000000001000000000000000000 #SAVE 0, 6 000000000000110000000000000000 #LDI 0, 7 000000000010100000000000010000 #LSL 16, 8 000000000000110000000000000011 #LDI 3, 9 000000000001000000000000000110 #SAVE 6, 10 000000000000100000000000000110 #LDM 6, 11 000000000001000000000000000001 #SAVE 1, 12 000000000000110000000000000000 #LDI 0, 13 000000000010100000000000010000 #LSL 16, 14 000000000000110000000000000101 #LDI 5, 15 000000000001000000000000000110 #SAVE 6, 16 000000000000100000000000000110 #LDM 6, 17 000000000001000000000000000010 #SAVE 2, 18 000000000000110000000000000000 #LDI 0, 19 000000000010100000000000010000 #LSL 16, 20 000000000000110000000000000000 #LDI 0, 21 000000000001000000000000000110 #SAVE 6, 22 000000000000100000000000000110 #LDM 6, 23 000000000001000000000000000011 #SAVE 3, 24 000000000000100000000000000011 #LDM 3, 25 000000000001000000000000000110 #SAVE 6, 26 000000000000100000000000000001 #LDM 1, 27 000000000001000000000000000111 #SAVE 7, 28 000000000000100000000000000000 #LDM 0, 29 000000000001000000000000001000 #SAVE 8, 30 000000000000110000000000000000 #LDI 0, 31 000000000010100000000000010000 #LSL 16, 32 000000000000110000000000000001 #LDI 1, 33 000000000001000000000000001001 #SAVE 9, 34 000000000000100000000000001000 #LDM 8, 35 000000000001100000000000001001 #SUB 9, 36 000000000001000000000000001010 #SAVE 10, 37 000000000000100000000000000001 #LDM 1, 38 000000000001000000000000001011 #SAVE 11, 39 000000000000100000000000001010 #LDM 10, 40 000000000101100000000000001011 #DIV 11, 41 000000000001000000000000001100 #SAVE 12, 42 000000000000100000000000000111 #LDM 7, 43 000000000101010000000000001100 #MULT 12, 44 000000000001000000000000001101 #SAVE 13, 45 000000000000100000000000000000 #LDM 0, 46 000000000001000000000000001110 #SAVE 14, 47 000000000000110000000000000000 #LDI 0, 48 000000000010100000000000010000 #LSL 16, 49 000000000000110000000000000001 #LDI 1, 50 000000000001000000000000001111 #SAVE 15, 51 000000000000100000000000001110 #LDM 14, 52 000000000001100000000000001111 #SUB 15, 53 000000000001000000000000010000 #SAVE 16, 54 000000000000100000000000000001 #LDM 1, 55 000000000001000000000000010001 #SAVE 17, 56 000000000000100000000000010000 #LDM 16, 57 000000000101100000000000010001 #DIV 17, 58 000000000001000000000000010010 #SAVE 18, 59 000000000000110000000000000000 #LDI 0, 60 000000000010100000000000010000 #LSL 16, 61 000000000000110000000000000001 #LDI 1, 62 000000000001000000000000010011 #SAVE 19, 63 000000000000100000000000010010 #LDM 18, 64 000000000001010000000000010011 #ADD 19, 65 000000000001000000000000010100 #SAVE 20, 66 000000000000100000000000001101 #LDM 13, 67 000000000101010000000000010100 #MULT 20, 68 000000000001000000000000010101 #SAVE 21, 69 000000000000110000000000000000 #LDI 0, 70 000000000010100000000000010000 #LSL 16, 71 000000000000110000000000000010 #LDI 2, 72 000000000001000000000000010110 #SAVE 22, 73 000000000000100000000000010101 #LDM 21, 74 000000000101100000000000010110 #DIV 22, 75 000000000001000000000000010111 #SAVE 23, 76 000000000000100000000000000110 #LDM 6, 77 000000000001010000000000010111 #ADD 23, 78 000000000001000000000000011000 #SAVE 24, 79 000000000000100000000000011000 #LDM 24, 80 000000000001000000000000000011 #SAVE 3, 81 000000000000100000000000000011 #LDM 3, 82 000000000001000000000000000110 #SAVE 6, 83 000000000000100000000000000010 #LDM 2, 84 000000000001000000000000000111 #SAVE 7, 85 000000000000100000000000000000 #LDM 0, 86 000000000001000000000000001000 #SAVE 8, 87 000000000000110000000000000000 #LDI 0, 88 000000000010100000000000010000 #LSL 16, 89 000000000000110000000000000001 #LDI 1, 90 000000000001000000000000001001 #SAVE 9, 91 000000000000100000000000001000 #LDM 8, 92 000000000001100000000000001001 #SUB 9, 93 000000000001000000000000001010 #SAVE 10, 94 000000000000100000000000000010 #LDM 2, 95 000000000001000000000000001011 #SAVE 11, 96 000000000000100000000000001010 #LDM 10, 97 000000000101100000000000001011 #DIV 11, 98 000000000001000000000000001100 #SAVE 12, 99 000000000000100000000000000111 #LDM 7, 100 000000000101010000000000001100 #MULT 12, 101 000000000001000000000000001101 #SAVE 13, 102 000000000000100000000000000000 #LDM 0, 103 000000000001000000000000001110 #SAVE 14, 104 000000000000110000000000000000 #LDI 0, 105 000000000010100000000000010000 #LSL 16, 106 000000000000110000000000000001 #LDI 1, 107 000000000001000000000000001111 #SAVE 15, 108 000000000000100000000000001110 #LDM 14, 109 000000000001100000000000001111 #SUB 15, 110 000000000001000000000000010000 #SAVE 16, 111 000000000000100000000000000010 #LDM 2, 112 000000000001000000000000010001 #SAVE 17, 113 000000000000100000000000010000 #LDM 16, 114 000000000101100000000000010001 #DIV 17, 115 000000000001000000000000010010 #SAVE 18, 116 000000000000110000000000000000 #LDI 0, 117 000000000010100000000000010000 #LSL 16, 118 000000000000110000000000000001 #LDI 1, 119 000000000001000000000000010011 #SAVE 19, 120 000000000000100000000000010010 #LDM 18, 121 000000000001010000000000010011 #ADD 19, 122 000000000001000000000000010100 #SAVE 20, 123 000000000000100000000000001101 #LDM 13, 124 000000000101010000000000010100 #MULT 20, 125 000000000001000000000000010101 #SAVE 21, 126 000000000000110000000000000000 #LDI 0, 127 000000000010100000000000010000 #LSL 16, 128 000000000000110000000000000010 #LDI 2, 129 000000000001000000000000010110 #SAVE 22, 130 000000000000100000000000010101 #LDM 21, 131 000000000101100000000000010110 #DIV 22, 132 000000000001000000000000010111 #SAVE 23, 133 000000000000100000000000000110 #LDM 6, 134 000000000001010000000000010111 #ADD 23, 135 000000000001000000000000011000 #SAVE 24, 136 000000000000100000000000011000 #LDM 24, 137 000000000001000000000000000011 #SAVE 3, 138 000000000000100000000000000001 #LDM 1, 139 000000000001000000000000000110 #SAVE 6, 140 000000000000100000000000000010 #LDM 2, 141 000000000001000000000000000111 #SAVE 7, 142 000000000000100000000000000110 #LDM 6, 143 000000000101010000000000000111 #MULT 7, 144 000000000001000000000000001000 #SAVE 8, 145 000000000000100000000000001000 #LDM 8, 146 000000000001000000000000000100 #SAVE 4, 147 000000000000100000000000000011 #LDM 3, 148 000000000001000000000000000110 #SAVE 6, 149 000000000000100000000000000100 #LDM 4, 150 000000000001000000000000000111 #SAVE 7, 151 000000000000100000000000000000 #LDM 0, 152 000000000001000000000000001000 #SAVE 8, 153 000000000000110000000000000000 #LDI 0, 154 000000000010100000000000010000 #LSL 16, 155 000000000000110000000000000001 #LDI 1, 156 000000000001000000000000001001 #SAVE 9, 157 000000000000100000000000001000 #LDM 8, 158 000000000001100000000000001001 #SUB 9, 159 000000000001000000000000001010 #SAVE 10, 160 000000000000100000000000000100 #LDM 4, 161 000000000001000000000000001011 #SAVE 11, 162 000000000000100000000000001010 #LDM 10, 163 000000000101100000000000001011 #DIV 11, 164 000000000001000000000000001100 #SAVE 12, 165 000000000000100000000000000111 #LDM 7, 166 000000000101010000000000001100 #MULT 12, 167 000000000001000000000000001101 #SAVE 13, 168 000000000000100000000000000000 #LDM 0, 169 000000000001000000000000001110 #SAVE 14, 170 000000000000110000000000000000 #LDI 0, 171 000000000010100000000000010000 #LSL 16, 172 000000000000110000000000000001 #LDI 1, 173 000000000001000000000000001111 #SAVE 15, 174 000000000000100000000000001110 #LDM 14, 175 000000000001100000000000001111 #SUB 15, 176 000000000001000000000000010000 #SAVE 16, 177 000000000000100000000000000100 #LDM 4, 178 000000000001000000000000010001 #SAVE 17, 179 000000000000100000000000010000 #LDM 16, 180 000000000101100000000000010001 #DIV 17, 181 000000000001000000000000010010 #SAVE 18, 182 000000000000110000000000000000 #LDI 0, 183 000000000010100000000000010000 #LSL 16, 184 000000000000110000000000000001 #LDI 1, 185 000000000001000000000000010011 #SAVE 19, 186 000000000000100000000000010010 #LDM 18, 187 000000000001010000000000010011 #ADD 19, 188 000000000001000000000000010100 #SAVE 20, 189 000000000000100000000000001101 #LDM 13, 190 000000000101010000000000010100 #MULT 20, 191 000000000001000000000000010101 #SAVE 21, 192 000000000000110000000000000000 #LDI 0, 193 000000000010100000000000010000 #LSL 16, 194 000000000000110000000000000010 #LDI 2, 195 000000000001000000000000010110 #SAVE 22, 196 000000000000100000000000010101 #LDM 21, 197 000000000101100000000000010110 #DIV 22, 198 000000000001000000000000010111 #SAVE 23, 199 000000000000100000000000000110 #LDM 6, 200 000000000001100000000000010111 #SUB 23, 201 000000000001000000000000011000 #SAVE 24, 202 000000000000100000000000011000 #LDM 24, 203 000000000001000000000000000011 #SAVE 3, 204 000000000000100000000000000011 #LDM 3, 205 000000000110110000000000000001 #OUT 1, 206 000000000000010000000000000000 #HALT 0, 

out_stdout: |
  Эмулятор ЭВМ исполнителя Совкода
  int output: 233168
  instr_counter: 206 , ticks: 206

out_log: |
  INFO    emulator:main          Got instructions and user input
  INFO    emulator:emulation     Starting emulation
  DEBUG   emulator:emulation     TICK:   0 PC:   0 AR:   0 RAR:   0 MEM_OUT: [] ACC: 0 	ldi0
  DEBUG   emulator:emulation     TICK:   1 PC:   1 AR:   0 RAR:   0 MEM_OUT: [] ACC: 0 	lsl16
  DEBUG   emulator:emulation     TICK:   2 PC:   2 AR:  16 RAR:   0 MEM_OUT: [] ACC: 0 	ldi1000
  DEBUG   emulator:emulation     TICK:   3 PC:   3 AR: 1000 RAR:   0 MEM_OUT: [] ACC: 1000 	save6
  DEBUG   emulator:emulation     TICK:   4 PC:   4 AR:   6 RAR:   0 MEM_OUT: [] ACC: 1000 	ldm6
  DEBUG   emulator:emulation     TICK:   5 PC:   5 AR:   6 RAR: 1000 MEM_OUT: [] ACC: 1000 	save0
  DEBUG   emulator:emulation     TICK:   6 PC:   6 AR:   0 RAR:   0 MEM_OUT: [] ACC: 1000 	ldi0
  DEBUG   emulator:emulation     TICK:   7 PC:   7 AR:   0 RAR:   0 MEM_OUT: [] ACC: 0 	lsl16
  DEBUG   emulator:emulation     TICK:   8 PC:   8 AR:  16 RAR:   0 MEM_OUT: [] ACC: 0 	ldi3
  DEBUG   emulator:emulation     TICK:   9 PC:   9 AR:   3 RAR:   0 MEM_OUT: [] ACC: 3 	save6
  DEBUG   emulator:emulation     TICK:  10 PC:  10 AR:   6 RAR: 1000 MEM_OUT: [] ACC: 3 	ldm6
  DEBUG   emulator:emulation     TICK:  11 PC:  11 AR:   6 RAR:   3 MEM_OUT: [] ACC: 3 	save1
  DEBUG   emulator:emulation     TICK:  12 PC:  12 AR:   1 RAR:   0 MEM_OUT: [] ACC: 3 	ldi0
  DEBUG   emulator:emulation     TICK:  13 PC:  13 AR:   0 RAR:   0 MEM_OUT: [] ACC: 0 	lsl16
  DEBUG   emulator:emulation     TICK:  14 PC:  14 AR:  16 RAR:   0 MEM_OUT: [] ACC: 0 	ldi5
  DEBUG   emulator:emulation     TICK:  15 PC:  15 AR:   5 RAR:   0 MEM_OUT: [] ACC: 5 	save6
  DEBUG   emulator:emulation     TICK:  16 PC:  16 AR:   6 RAR:   3 MEM_OUT: [] ACC: 5 	ldm6
  DEBUG   emulator:emulation     TICK:  17 PC:  17 AR:   6 RAR:   5 MEM_OUT: [] ACC: 5 	save2
  DEBUG   emulator:emulation     TICK:  18 PC:  18 AR:   2 RAR:   0 MEM_OUT: [] ACC: 5 	ldi0
  DEBUG   emulator:emulation     TICK:  19 PC:  19 AR:   0 RAR:   0 MEM_OUT: [] ACC: 0 	lsl16
  DEBUG   emulator:emulation     TICK:  20 PC:  20 AR:  16 RAR:   0 MEM_OUT: [] ACC: 0 	ldi0
  DEBUG   emulator:emulation     TICK:  21 PC:  21 AR:   0 RAR:   0 MEM_OUT: [] ACC: 0 	save6
  DEBUG   emulator:emulation     TICK:  22 PC:  22 AR:   6 RAR:   5 MEM_OUT: [] ACC: 0 	ldm6
  DEBUG   emulator:emulation     TICK:  23 PC:  23 AR:   6 RAR:   0 MEM_OUT: [] ACC: 0 	save3
  DEBUG   emulator:emulation     TICK:  24 PC:  24 AR:   3 RAR:   0 MEM_OUT: [] ACC: 0 	ldm3
  DEBUG   emulator:emulation     TICK:  25 PC:  25 AR:   3 RAR:   0 MEM_OUT: [] ACC: 0 	save6
  DEBUG   emulator:emulation     TICK:  26 PC:  26 AR:   6 RAR:   0 MEM_OUT: [] ACC: 0 	ldm1
  DEBUG   emulator:emulation     TICK:  27 PC:  27 AR:   1 RAR:   3 MEM_OUT: [] ACC: 3 	save7
  DEBUG   emulator:emulation     TICK:  28 PC:  28 AR:   7 RAR:   0 MEM_OUT: [] ACC: 3 	ldm0
  DEBUG   emulator:emulation     TICK:  29 PC:  29 AR:   0 RAR: 1000 MEM_OUT: [] ACC: 1000 	save8
  DEBUG   emulator:emulation     TICK:  30 PC:  30 AR:   8 RAR:   0 MEM_OUT: [] ACC: 1000 	ldi0
  DEBUG   emulator:emulation     TICK:  31 PC:  31 AR:   0 RAR:   0 MEM_OUT: [] ACC: 0 	lsl16
  DEBUG   emulator:emulation     TICK:  32 PC:  32 AR:  16 RAR:   0 MEM_OUT: [] ACC: 0 	ldi1
  DEBUG   emulator:emulation     TICK:  33 PC:  33 AR:   1 RAR:   0 MEM_OUT: [] ACC: 1 	save9
  DEBUG   emulator:emulation     TICK:  34 PC:  34 AR:   9 RAR:   0 MEM_OUT: [] ACC: 1 	ldm8
  DEBUG   emulator:emulation     TICK:  35 PC:  35 AR:   8 RAR: 1000 MEM_OUT: [] ACC: 1000 	sub9
  DEBUG   emulator:emulation     TICK:  36 PC:  36 AR:   9 RAR: 999 MEM_OUT: [] ACC: 999 	save10
  DEBUG   emulator:emulation     TICK:  37 PC:  37 AR:  10 RAR:   0 MEM_OUT: [] ACC: 999 	ldm1
  DEBUG   emulator:emulation     TICK:  38 PC:  38 AR:   1 RAR:   3 MEM_OUT: [] ACC: 3 	save11
  DEBUG   emulator:emulation     TICK:  39 PC:  39 AR:  11 RAR:   0 MEM_OUT: [] ACC: 3 	ldm10
  DEBUG   emulator:emulation     TICK:  40 PC:  40 AR:  10 RAR: 999 MEM_OUT: [] ACC: 999 	dev11
  DEBUG   emulator:emulation     TICK:  41 PC:  41 AR:  11 RAR: 333 MEM_OUT: [] ACC: 333 	save12
  DEBUG   emulator:emulation     TICK:  42 PC:  42 AR:  12 RAR:   0 MEM_OUT: [] ACC: 333 	ldm7
  DEBUG   emulator:emulation     TICK:  43 PC:  43 AR:   7 RAR:   3 MEM_OUT: [] ACC: 3 	mult12
  DEBUG   emulator:emulation     TICK:  44 PC:  44 AR:  12 RAR: 999 MEM_OUT: [] ACC: 999 	save13
  DEBUG   emulator:emulation     TICK:  45 PC:  45 AR:  13 RAR:   0 MEM_OUT: [] ACC: 999 	ldm0
  DEBUG   emulator:emulation     TICK:  46 PC:  46 AR:   0 RAR: 1000 MEM_OUT: [] ACC: 1000 	save14
  DEBUG   emulator:emulation     TICK:  47 PC:  47 AR:  14 RAR:   0 MEM_OUT: [] ACC: 1000 	ldi0
  DEBUG   emulator:emulation     TICK:  48 PC:  48 AR:   0 RAR:   0 MEM_OUT: [] ACC: 0 	lsl16
  DEBUG   emulator:emulation     TICK:  49 PC:  49 AR:  16 RAR:   0 MEM_OUT: [] ACC: 0 	ldi1
  DEBUG   emulator:emulation     TICK:  50 PC:  50 AR:   1 RAR:   0 MEM_OUT: [] ACC: 1 	save15
  DEBUG   emulator:emulation     TICK:  51 PC:  51 AR:  15 RAR:   0 MEM_OUT: [] ACC: 1 	ldm14
  DEBUG   emulator:emulation     TICK:  52 PC:  52 AR:  14 RAR: 1000 MEM_OUT: [] ACC: 1000 	sub15
  DEBUG   emulator:emulation     TICK:  53 PC:  53 AR:  15 RAR: 999 MEM_OUT: [] ACC: 999 	save16
  DEBUG   emulator:emulation     TICK:  54 PC:  54 AR:  16 RAR:   0 MEM_OUT: [] ACC: 999 	ldm1
  DEBUG   emulator:emulation     TICK:  55 PC:  55 AR:   1 RAR:   3 MEM_OUT: [] ACC: 3 	save17
  DEBUG   emulator:emulation     TICK:  56 PC:  56 AR:  17 RAR:   0 MEM_OUT: [] ACC: 3 	ldm16
  DEBUG   emulator:emulation     TICK:  57 PC:  57 AR:  16 RAR: 999 MEM_OUT: [] ACC: 999 	dev17
  DEBUG   emulator:emulation     TICK:  58 PC:  58 AR:  17 RAR: 333 MEM_OUT: [] ACC: 333 	save18
  DEBUG   emulator:emulation     TICK:  59 PC:  59 AR:  18 RAR:   0 MEM_OUT: [] ACC: 333 	ldi0
  DEBUG   emulator:emulation     TICK:  60 PC:  60 AR:   0 RAR:   0 MEM_OUT: [] ACC: 0 	lsl16
  DEBUG   emulator:emulation     TICK:  61 PC:  61 AR:  16 RAR:   0 MEM_OUT: [] ACC: 0 	ldi1
  DEBUG   emulator:emulation     TICK:  62 PC:  62 AR:   1 RAR:   0 MEM_OUT: [] ACC: 1 	save19
  DEBUG   emulator:emulation     TICK:  63 PC:  63 AR:  19 RAR:   0 MEM_OUT: [] ACC: 1 	ldm18
  DEBUG   emulator:emulation     TICK:  64 PC:  64 AR:  18 RAR: 333 MEM_OUT: [] ACC: 333 	add19
  DEBUG   emulator:emulation     TICK:  65 PC:  65 AR:  19 RAR: 334 MEM_OUT: [] ACC: 334 	save20
  DEBUG   emulator:emulation     TICK:  66 PC:  66 AR:  20 RAR:   0 MEM_OUT: [] ACC: 334 	ldm13
  DEBUG   emulator:emulation     TICK:  67 PC:  67 AR:  13 RAR: 999 MEM_OUT: [] ACC: 999 	mult20
  DEBUG   emulator:emulation     TICK:  68 PC:  68 AR:  20 RAR: 333666 MEM_OUT: [] ACC: 333666 	save21
  DEBUG   emulator:emulation     TICK:  69 PC:  69 AR:  21 RAR:   0 MEM_OUT: [] ACC: 333666 	ldi0
  DEBUG   emulator:emulation     TICK:  70 PC:  70 AR:   0 RAR:   0 MEM_OUT: [] ACC: 327680 	lsl16
  DEBUG   emulator:emulation     TICK:  71 PC:  71 AR:  16 RAR:   0 MEM_OUT: [] ACC: 0 	ldi2
  DEBUG   emulator:emulation     TICK:  72 PC:  72 AR:   2 RAR:   0 MEM_OUT: [] ACC: 2 	save22
  DEBUG   emulator:emulation     TICK:  73 PC:  73 AR:  22 RAR:   0 MEM_OUT: [] ACC: 2 	ldm21
  DEBUG   emulator:emulation     TICK:  74 PC:  74 AR:  21 RAR: 333666 MEM_OUT: [] ACC: 333666 	dev22
  DEBUG   emulator:emulation     TICK:  75 PC:  75 AR:  22 RAR: 166833 MEM_OUT: [] ACC: 166833 	save23
  DEBUG   emulator:emulation     TICK:  76 PC:  76 AR:  23 RAR:   0 MEM_OUT: [] ACC: 166833 	ldm6
  DEBUG   emulator:emulation     TICK:  77 PC:  77 AR:   6 RAR:   0 MEM_OUT: [] ACC: 0 	add23
  DEBUG   emulator:emulation     TICK:  78 PC:  78 AR:  23 RAR: 166833 MEM_OUT: [] ACC: 166833 	save24
  DEBUG   emulator:emulation     TICK:  79 PC:  79 AR:  24 RAR:   0 MEM_OUT: [] ACC: 166833 	ldm24
  DEBUG   emulator:emulation     TICK:  80 PC:  80 AR:  24 RAR: 166833 MEM_OUT: [] ACC: 166833 	save3
  DEBUG   emulator:emulation     TICK:  81 PC:  81 AR:   3 RAR:   0 MEM_OUT: [] ACC: 166833 	ldm3
  DEBUG   emulator:emulation     TICK:  82 PC:  82 AR:   3 RAR: 166833 MEM_OUT: [] ACC: 166833 	save6
  DEBUG   emulator:emulation     TICK:  83 PC:  83 AR:   6 RAR:   0 MEM_OUT: [] ACC: 166833 	ldm2
  DEBUG   emulator:emulation     TICK:  84 PC:  84 AR:   2 RAR:   5 MEM_OUT: [] ACC: 5 	save7
  DEBUG   emulator:emulation     TICK:  85 PC:  85 AR:   7 RAR:   3 MEM_OUT: [] ACC: 5 	ldm0
  DEBUG   emulator:emulation     TICK:  86 PC:  86 AR:   0 RAR: 1000 MEM_OUT: [] ACC: 1000 	save8
  DEBUG   emulator:emulation     TICK:  87 PC:  87 AR:   8 RAR: 1000 MEM_OUT: [] ACC: 1000 	ldi0
  DEBUG   emulator:emulation     TICK:  88 PC:  88 AR:   0 RAR: 1000 MEM_OUT: [] ACC: 0 	lsl16
  DEBUG   emulator:emulation     TICK:  89 PC:  89 AR:  16 RAR:   0 MEM_OUT: [] ACC: 0 	ldi1
  DEBUG   emulator:emulation     TICK:  90 PC:  90 AR:   1 RAR:   0 MEM_OUT: [] ACC: 1 	save9
  DEBUG   emulator:emulation     TICK:  91 PC:  91 AR:   9 RAR:   1 MEM_OUT: [] ACC: 1 	ldm8
  DEBUG   emulator:emulation     TICK:  92 PC:  92 AR:   8 RAR: 1000 MEM_OUT: [] ACC: 1000 	sub9
  DEBUG   emulator:emulation     TICK:  93 PC:  93 AR:   9 RAR: 999 MEM_OUT: [] ACC: 999 	save10
  DEBUG   emulator:emulation     TICK:  94 PC:  94 AR:  10 RAR: 999 MEM_OUT: [] ACC: 999 	ldm2
  DEBUG   emulator:emulation     TICK:  95 PC:  95 AR:   2 RAR:   5 MEM_OUT: [] ACC: 5 	save11
  DEBUG   emulator:emulation     TICK:  96 PC:  96 AR:  11 RAR:   3 MEM_OUT: [] ACC: 5 	ldm10
  DEBUG   emulator:emulation     TICK:  97 PC:  97 AR:  10 RAR: 999 MEM_OUT: [] ACC: 999 	dev11
  DEBUG   emulator:emulation     TICK:  98 PC:  98 AR:  11 RAR: 199 MEM_OUT: [] ACC: 199 	save12
  DEBUG   emulator:emulation     TICK:  99 PC:  99 AR:  12 RAR: 333 MEM_OUT: [] ACC: 199 	ldm7
  DEBUG   emulator:emulation     TICK: 100 PC: 100 AR:   7 RAR:   5 MEM_OUT: [] ACC: 5 	mult12
  DEBUG   emulator:emulation     TICK: 101 PC: 101 AR:  12 RAR: 995 MEM_OUT: [] ACC: 995 	save13
  DEBUG   emulator:emulation     TICK: 102 PC: 102 AR:  13 RAR: 999 MEM_OUT: [] ACC: 995 	ldm0
  DEBUG   emulator:emulation     TICK: 103 PC: 103 AR:   0 RAR: 1000 MEM_OUT: [] ACC: 1000 	save14
  DEBUG   emulator:emulation     TICK: 104 PC: 104 AR:  14 RAR: 1000 MEM_OUT: [] ACC: 1000 	ldi0
  DEBUG   emulator:emulation     TICK: 105 PC: 105 AR:   0 RAR: 1000 MEM_OUT: [] ACC: 0 	lsl16
  DEBUG   emulator:emulation     TICK: 106 PC: 106 AR:  16 RAR:   0 MEM_OUT: [] ACC: 0 	ldi1
  DEBUG   emulator:emulation     TICK: 107 PC: 107 AR:   1 RAR:   0 MEM_OUT: [] ACC: 1 	save15
  DEBUG   emulator:emulation     TICK: 108 PC: 108 AR:  15 RAR:   1 MEM_OUT: [] ACC: 1 	ldm14
  DEBUG   emulator:emulation     TICK: 109 PC: 109 AR:  14 RAR: 1000 MEM_OUT: [] ACC: 1000 	sub15
  DEBUG   emulator:emulation     TICK: 110 PC: 110 AR:  15 RAR: 999 MEM_OUT: [] ACC: 999 	save16
  DEBUG   emulator:emulation     TICK: 111 PC: 111 AR:  16 RAR: 999 MEM_OUT: [] ACC: 999 	ldm2
  DEBUG   emulator:emulation     TICK: 112 PC: 112 AR:   2 RAR:   5 MEM_OUT: [] ACC: 5 	save17
  DEBUG   emulator:emulation     TICK: 113 PC: 113 AR:  17 RAR:   3 MEM_OUT: [] ACC: 5 	ldm16
  DEBUG   emulator:emulation     TICK: 114 PC: 114 AR:  16 RAR: 999 MEM_OUT: [] ACC: 999 	dev17
  DEBUG   emulator:emulation     TICK: 115 PC: 115 AR:  17 RAR: 199 MEM_OUT: [] ACC: 199 	save18
  DEBUG   emulator:emulation     TICK: 116 PC: 116 AR:  18 RAR: 333 MEM_OUT: [] ACC: 199 	ldi0
  DEBUG   emulator:emulation     TICK: 117 PC: 117 AR:   0 RAR: 333 MEM_OUT: [] ACC: 0 	lsl16
  DEBUG   emulator:emulation     TICK: 118 PC: 118 AR:  16 RAR:   0 MEM_OUT: [] ACC: 0 	ldi1
  DEBUG   emulator:emulation     TICK: 119 PC: 119 AR:   1 RAR:   0 MEM_OUT: [] ACC: 1 	save19
  DEBUG   emulator:emulation     TICK: 120 PC: 120 AR:  19 RAR:   1 MEM_OUT: [] ACC: 1 	ldm18
  DEBUG   emulator:emulation     TICK: 121 PC: 121 AR:  18 RAR: 199 MEM_OUT: [] ACC: 199 	add19
  DEBUG   emulator:emulation     TICK: 122 PC: 122 AR:  19 RAR: 200 MEM_OUT: [] ACC: 200 	save20
  DEBUG   emulator:emulation     TICK: 123 PC: 123 AR:  20 RAR: 334 MEM_OUT: [] ACC: 200 	ldm13
  DEBUG   emulator:emulation     TICK: 124 PC: 124 AR:  13 RAR: 995 MEM_OUT: [] ACC: 995 	mult20
  DEBUG   emulator:emulation     TICK: 125 PC: 125 AR:  20 RAR: 199000 MEM_OUT: [] ACC: 199000 	save21
  DEBUG   emulator:emulation     TICK: 126 PC: 126 AR:  21 RAR: 333666 MEM_OUT: [] ACC: 199000 	ldi0
  DEBUG   emulator:emulation     TICK: 127 PC: 127 AR:   0 RAR: 333666 MEM_OUT: [] ACC: 196608 	lsl16
  DEBUG   emulator:emulation     TICK: 128 PC: 128 AR:  16 RAR:   0 MEM_OUT: [] ACC: 0 	ldi2
  DEBUG   emulator:emulation     TICK: 129 PC: 129 AR:   2 RAR:   0 MEM_OUT: [] ACC: 2 	save22
  DEBUG   emulator:emulation     TICK: 130 PC: 130 AR:  22 RAR:   2 MEM_OUT: [] ACC: 2 	ldm21
  DEBUG   emulator:emulation     TICK: 131 PC: 131 AR:  21 RAR: 199000 MEM_OUT: [] ACC: 199000 	dev22
  DEBUG   emulator:emulation     TICK: 132 PC: 132 AR:  22 RAR: 99500 MEM_OUT: [] ACC: 99500 	save23
  DEBUG   emulator:emulation     TICK: 133 PC: 133 AR:  23 RAR: 166833 MEM_OUT: [] ACC: 99500 	ldm6
  DEBUG   emulator:emulation     TICK: 134 PC: 134 AR:   6 RAR: 166833 MEM_OUT: [] ACC: 166833 	add23
  DEBUG   emulator:emulation     TICK: 135 PC: 135 AR:  23 RAR: 266333 MEM_OUT: [] ACC: 266333 	save24
  DEBUG   emulator:emulation     TICK: 136 PC: 136 AR:  24 RAR: 166833 MEM_OUT: [] ACC: 266333 	ldm24
  DEBUG   emulator:emulation     TICK: 137 PC: 137 AR:  24 RAR: 266333 MEM_OUT: [] ACC: 266333 	save3
  DEBUG   emulator:emulation     TICK: 138 PC: 138 AR:   3 RAR: 166833 MEM_OUT: [] ACC: 266333 	ldm1
  DEBUG   emulator:emulation     TICK: 139 PC: 139 AR:   1 RAR:   3 MEM_OUT: [] ACC: 3 	save6
  DEBUG   emulator:emulation     TICK: 140 PC: 140 AR:   6 RAR: 166833 MEM_OUT: [] ACC: 3 	ldm2
  DEBUG   emulator:emulation     TICK: 141 PC: 141 AR:   2 RAR:   5 MEM_OUT: [] ACC: 5 	save7
  DEBUG   emulator:emulation     TICK: 142 PC: 142 AR:   7 RAR:   5 MEM_OUT: [] ACC: 5 	ldm6
  DEBUG   emulator:emulation     TICK: 143 PC: 143 AR:   6 RAR:   3 MEM_OUT: [] ACC: 3 	mult7
  DEBUG   emulator:emulation     TICK: 144 PC: 144 AR:   7 RAR:  15 MEM_OUT: [] ACC: 15 	save8
  DEBUG   emulator:emulation     TICK: 145 PC: 145 AR:   8 RAR: 1000 MEM_OUT: [] ACC: 15 	ldm8
  DEBUG   emulator:emulation     TICK: 146 PC: 146 AR:   8 RAR:  15 MEM_OUT: [] ACC: 15 	save4
  DEBUG   emulator:emulation     TICK: 147 PC: 147 AR:   4 RAR:   0 MEM_OUT: [] ACC: 15 	ldm3
  DEBUG   emulator:emulation     TICK: 148 PC: 148 AR:   3 RAR: 266333 MEM_OUT: [] ACC: 266333 	save6
  DEBUG   emulator:emulation     TICK: 149 PC: 149 AR:   6 RAR:   3 MEM_OUT: [] ACC: 266333 	ldm4
  DEBUG   emulator:emulation     TICK: 150 PC: 150 AR:   4 RAR:  15 MEM_OUT: [] ACC: 15 	save7
  DEBUG   emulator:emulation     TICK: 151 PC: 151 AR:   7 RAR:   5 MEM_OUT: [] ACC: 15 	ldm0
  DEBUG   emulator:emulation     TICK: 152 PC: 152 AR:   0 RAR: 1000 MEM_OUT: [] ACC: 1000 	save8
  DEBUG   emulator:emulation     TICK: 153 PC: 153 AR:   8 RAR:  15 MEM_OUT: [] ACC: 1000 	ldi0
  DEBUG   emulator:emulation     TICK: 154 PC: 154 AR:   0 RAR:  15 MEM_OUT: [] ACC: 0 	lsl16
  DEBUG   emulator:emulation     TICK: 155 PC: 155 AR:  16 RAR:   0 MEM_OUT: [] ACC: 0 	ldi1
  DEBUG   emulator:emulation     TICK: 156 PC: 156 AR:   1 RAR:   0 MEM_OUT: [] ACC: 1 	save9
  DEBUG   emulator:emulation     TICK: 157 PC: 157 AR:   9 RAR:   1 MEM_OUT: [] ACC: 1 	ldm8
  DEBUG   emulator:emulation     TICK: 158 PC: 158 AR:   8 RAR: 1000 MEM_OUT: [] ACC: 1000 	sub9
  DEBUG   emulator:emulation     TICK: 159 PC: 159 AR:   9 RAR: 999 MEM_OUT: [] ACC: 999 	save10
  DEBUG   emulator:emulation     TICK: 160 PC: 160 AR:  10 RAR: 999 MEM_OUT: [] ACC: 999 	ldm4
  DEBUG   emulator:emulation     TICK: 161 PC: 161 AR:   4 RAR:  15 MEM_OUT: [] ACC: 15 	save11
  DEBUG   emulator:emulation     TICK: 162 PC: 162 AR:  11 RAR:   5 MEM_OUT: [] ACC: 15 	ldm10
  DEBUG   emulator:emulation     TICK: 163 PC: 163 AR:  10 RAR: 999 MEM_OUT: [] ACC: 999 	dev11
  DEBUG   emulator:emulation     TICK: 164 PC: 164 AR:  11 RAR:  66 MEM_OUT: [] ACC: 66 	save12
  DEBUG   emulator:emulation     TICK: 165 PC: 165 AR:  12 RAR: 199 MEM_OUT: [] ACC: 66 	ldm7
  DEBUG   emulator:emulation     TICK: 166 PC: 166 AR:   7 RAR:  15 MEM_OUT: [] ACC: 15 	mult12
  DEBUG   emulator:emulation     TICK: 167 PC: 167 AR:  12 RAR: 990 MEM_OUT: [] ACC: 990 	save13
  DEBUG   emulator:emulation     TICK: 168 PC: 168 AR:  13 RAR: 995 MEM_OUT: [] ACC: 990 	ldm0
  DEBUG   emulator:emulation     TICK: 169 PC: 169 AR:   0 RAR: 1000 MEM_OUT: [] ACC: 1000 	save14
  DEBUG   emulator:emulation     TICK: 170 PC: 170 AR:  14 RAR: 1000 MEM_OUT: [] ACC: 1000 	ldi0
  DEBUG   emulator:emulation     TICK: 171 PC: 171 AR:   0 RAR: 1000 MEM_OUT: [] ACC: 0 	lsl16
  DEBUG   emulator:emulation     TICK: 172 PC: 172 AR:  16 RAR:   0 MEM_OUT: [] ACC: 0 	ldi1
  DEBUG   emulator:emulation     TICK: 173 PC: 173 AR:   1 RAR:   0 MEM_OUT: [] ACC: 1 	save15
  DEBUG   emulator:emulation     TICK: 174 PC: 174 AR:  15 RAR:   1 MEM_OUT: [] ACC: 1 	ldm14
  DEBUG   emulator:emulation     TICK: 175 PC: 175 AR:  14 RAR: 1000 MEM_OUT: [] ACC: 1000 	sub15
  DEBUG   emulator:emulation     TICK: 176 PC: 176 AR:  15 RAR: 999 MEM_OUT: [] ACC: 999 	save16
  DEBUG   emulator:emulation     TICK: 177 PC: 177 AR:  16 RAR: 999 MEM_OUT: [] ACC: 999 	ldm4
  DEBUG   emulator:emulation     TICK: 178 PC: 178 AR:   4 RAR:  15 MEM_OUT: [] ACC: 15 	save17
  DEBUG   emulator:emulation     TICK: 179 PC: 179 AR:  17 RAR:   5 MEM_OUT: [] ACC: 15 	ldm16
  DEBUG   emulator:emulation     TICK: 180 PC: 180 AR:  16 RAR: 999 MEM_OUT: [] ACC: 999 	dev17
  DEBUG   emulator:emulation     TICK: 181 PC: 181 AR:  17 RAR:  66 MEM_OUT: [] ACC: 66 	save18
  DEBUG   emulator:emulation     TICK: 182 PC: 182 AR:  18 RAR: 199 MEM_OUT: [] ACC: 66 	ldi0
  DEBUG   emulator:emulation     TICK: 183 PC: 183 AR:   0 RAR: 199 MEM_OUT: [] ACC: 0 	lsl16
  DEBUG   emulator:emulation     TICK: 184 PC: 184 AR:  16 RAR:   0 MEM_OUT: [] ACC: 0 	ldi1
  DEBUG   emulator:emulation     TICK: 185 PC: 185 AR:   1 RAR:   0 MEM_OUT: [] ACC: 1 	save19
  DEBUG   emulator:emulation     TICK: 186 PC: 186 AR:  19 RAR:   1 MEM_OUT: [] ACC: 1 	ldm18
  DEBUG   emulator:emulation     TICK: 187 PC: 187 AR:  18 RAR:  66 MEM_OUT: [] ACC: 66 	add19
  DEBUG   emulator:emulation     TICK: 188 PC: 188 AR:  19 RAR:  67 MEM_OUT: [] ACC: 67 	save20
  DEBUG   emulator:emulation     TICK: 189 PC: 189 AR:  20 RAR: 200 MEM_OUT: [] ACC: 67 	ldm13
  DEBUG   emulator:emulation     TICK: 190 PC: 190 AR:  13 RAR: 990 MEM_OUT: [] ACC: 990 	mult20
  DEBUG   emulator:emulation     TICK: 191 PC: 191 AR:  20 RAR: 66330 MEM_OUT: [] ACC: 66330 	save21
  DEBUG   emulator:emulation     TICK: 192 PC: 192 AR:  21 RAR: 199000 MEM_OUT: [] ACC: 66330 	ldi0
  DEBUG   emulator:emulation     TICK: 193 PC: 193 AR:   0 RAR: 199000 MEM_OUT: [] ACC: 65536 	lsl16
  DEBUG   emulator:emulation     TICK: 194 PC: 194 AR:  16 RAR: 4294967296 MEM_OUT: [] ACC: 4294967296 	ldi2
  DEBUG   emulator:emulation     TICK: 195 PC: 195 AR:   2 RAR: 4294967296 MEM_OUT: [] ACC: 2 	save22
  DEBUG   emulator:emulation     TICK: 196 PC: 196 AR:  22 RAR:   2 MEM_OUT: [] ACC: 2 	ldm21
  DEBUG   emulator:emulation     TICK: 197 PC: 197 AR:  21 RAR: 66330 MEM_OUT: [] ACC: 66330 	dev22
  DEBUG   emulator:emulation     TICK: 198 PC: 198 AR:  22 RAR: 33165 MEM_OUT: [] ACC: 33165 	save23
  DEBUG   emulator:emulation     TICK: 199 PC: 199 AR:  23 RAR: 99500 MEM_OUT: [] ACC: 33165 	ldm6
  DEBUG   emulator:emulation     TICK: 200 PC: 200 AR:   6 RAR: 266333 MEM_OUT: [] ACC: 266333 	sub23
  DEBUG   emulator:emulation     TICK: 201 PC: 201 AR:  23 RAR: 233168 MEM_OUT: [] ACC: 233168 	save24
  DEBUG   emulator:emulation     TICK: 202 PC: 202 AR:  24 RAR: 266333 MEM_OUT: [] ACC: 233168 	ldm24
  DEBUG   emulator:emulation     TICK: 203 PC: 203 AR:  24 RAR: 233168 MEM_OUT: [] ACC: 233168 	save3
  DEBUG   emulator:emulation     TICK: 204 PC: 204 AR:   3 RAR: 266333 MEM_OUT: [] ACC: 233168 	ldm3
  DEBUG   emulator:emulation     TICK: 205 PC: 205 AR:   3 RAR: 233168 MEM_OUT: [] ACC: 233168 	out1
  DEBUG   emulator:emulation     TICK: 206 PC: 206 AR:   1 RAR:   3 MEM_OUT: [233168] ACC: 233168 	halt0
  INFO    emulator:emulation     Emulation complete
  INFO    emulator:emulation     output_buffer: 233168
